2026-05-16 22:14:06 INFO  Log:10 - Invalid login test passed....
2026-05-16 22:14:17 INFO  Log:10 - Valid login test passed.
2026-05-17 09:41:49 INFO  Log:10 - src\main\java\com\Automation\Config\config.properties (The system cannot find the path specified)
2026-05-17 09:41:49 INFO  Log:10 - src\main\java\com\Automation\Config\config.properties (The system cannot find the path specified)
2026-05-17 09:41:49 INFO  Log:10 - reader parameter is null
2026-05-17 09:41:49 INFO  Log:10 - reader parameter is null
2026-05-17 09:42:33 INFO  Log:10 - \OrangeHRMTestNG\src\main\resources\config.properties (The system cannot find the path specified)
2026-05-17 09:42:33 INFO  Log:10 - \OrangeHRMTestNG\src\main\resources\config.properties (The system cannot find the path specified)
2026-05-17 09:42:33 INFO  Log:10 - reader parameter is null
2026-05-17 09:42:33 INFO  Log:10 - reader parameter is null
2026-05-17 09:44:06 INFO  Log:10 - \OrangeHRMTestNG\src\main\resources\config.properties (The system cannot find the path specified)
2026-05-17 09:44:06 INFO  Log:10 - \OrangeHRMTestNG\src\main\resources\config.properties (The system cannot find the path specified)
2026-05-17 09:44:06 INFO  Log:10 - reader parameter is null
2026-05-17 09:44:06 INFO  Log:10 - reader parameter is null
2026-05-17 09:44:59 INFO  Log:10 - testValidLogin started.
2026-05-17 09:44:59 INFO  Log:10 - testInValidLogin started.
2026-05-17 09:45:01 INFO  Log:10 - Valid login test passed.
2026-05-17 09:45:01 INFO  Log:10 - testValidLogin ended.
2026-05-17 09:45:01 INFO  Log:10 - Invalid login test passed....
2026-05-17 09:45:01 INFO  Log:10 - testInValidLogin ended.
2026-05-17 09:46:20 INFO  Log:10 - testValidLogin started.
2026-05-17 09:46:20 INFO  Log:10 - testInValidLogin started.
2026-05-17 09:46:22 INFO  Log:10 - Invalid login test passed....
2026-05-17 09:46:22 INFO  Log:10 - testInValidLogin ended.
2026-05-17 09:46:22 INFO  Log:10 - Valid login test passed.
2026-05-17 09:46:22 INFO  Log:10 - testValidLogin ended.
2026-05-17 10:24:24 INFO  Log:10 - testValidLogin started.
2026-05-17 10:24:24 INFO  Log:10 - testInValidLogin started.
2026-05-17 10:24:25 INFO  Log:10 - Invalid credentials message is displayed.
2026-05-17 10:24:25 INFO  Log:10 - testInValidLogin ended.
2026-05-17 10:24:25 INFO  Log:10 - Login successful, dashboard is displayed.
2026-05-17 10:24:25 INFO  Log:10 - testValidLogin ended.
2026-05-17 10:50:06 INFO  Log:10 - testInValidLogin started.
2026-05-17 10:50:06 INFO  Log:10 - testValidLogin started.
2026-05-17 10:50:07 INFO  Log:10 - Invalid credentials message is displayed.
2026-05-17 10:50:07 INFO  Log:10 - testInValidLogin ended.
2026-05-17 10:50:08 INFO  Log:10 - Login successful, dashboard is displayed.
2026-05-17 10:50:08 INFO  Log:10 - testValidLogin ended.
2026-05-17 13:23:23 INFO  Log:10 - testValidLogin started.
2026-05-17 13:26:11 INFO  Log:10 - testValidLogin started.
2026-05-17 13:26:13 INFO  Log:10 - testInValidLogin started.
2026-05-17 13:28:48 INFO  Log:10 - testValidLogin started.
2026-05-17 13:28:48 INFO  Log:10 - testInValidLogin started.
2026-05-17 13:31:53 INFO  Log:10 - testValidLogin started.
2026-05-17 13:31:53 INFO  Log:10 - testInValidLogin started.
2026-05-17 13:39:48 INFO  Log:10 - testInValidLogin started.
2026-05-17 13:39:48 INFO  Log:10 - testValidLogin started.
2026-05-17 13:40:08 INFO  Log:10 - testInValidLogin started.
2026-05-17 13:40:08 INFO  Log:10 - testValidLogin started.
2026-05-17 13:42:59 INFO  Log:10 - testInValidLogin started.
2026-05-17 13:43:04 INFO  Log:10 - testInValidLogin started.
2026-05-17 13:43:08 INFO  Log:10 - testValidLogin started.
2026-05-17 13:43:08 INFO  Log:10 - Invalid credentials message is displayed.
2026-05-17 13:43:08 INFO  Log:10 - testInValidLogin ended.
2026-05-17 13:43:10 INFO  Log:10 - testValidLogin started.
2026-05-17 13:43:14 INFO  Log:10 - testInValidLogin started.
2026-05-17 13:43:15 INFO  Log:10 - Login successful, dashboard is displayed.
2026-05-17 13:43:15 INFO  Log:10 - testValidLogin ended.
2026-05-17 13:43:20 INFO  Log:10 - Invalid credentials message is displayed.
2026-05-17 13:43:20 INFO  Log:10 - testInValidLogin ended.
2026-05-17 13:43:22 INFO  Log:10 - testValidLogin started.
2026-05-17 13:43:30 INFO  Log:10 - Login successful, dashboard is displayed.
2026-05-17 13:43:30 INFO  Log:10 - testValidLogin ended.
2026-05-17 13:47:07 INFO  Log:10 - testValidLogin started.
2026-05-17 13:47:08 INFO  Log:10 - testInValidLogin started.
2026-05-17 13:47:09 INFO  Log:10 - Login successful, dashboard is displayed.
2026-05-17 13:47:09 INFO  Log:10 - testValidLogin ended.
2026-05-17 13:47:11 INFO  Log:10 - Invalid credentials message is displayed.
2026-05-17 13:47:11 INFO  Log:10 - testInValidLogin ended.
2026-05-17 13:47:15 INFO  Log:10 - testValidLogin started.
2026-05-17 13:47:16 INFO  Log:10 - testInValidLogin started.
2026-05-17 13:47:18 INFO  Log:10 - Invalid credentials message is displayed.
2026-05-17 13:47:18 INFO  Log:10 - testInValidLogin ended.
2026-05-17 13:47:18 INFO  Log:10 - Login successful, dashboard is displayed.
2026-05-17 13:47:18 INFO  Log:10 - testValidLogin ended.
2026-05-17 13:47:58 INFO  Log:10 - testInValidLogin started.
2026-05-17 13:47:59 INFO  Log:10 - testValidLogin started.
2026-05-17 13:48:00 INFO  Log:10 - Invalid credentials message is displayed.
2026-05-17 13:48:00 INFO  Log:10 - testInValidLogin ended.
2026-05-17 13:48:02 INFO  Log:10 - Login successful, dashboard is displayed.
2026-05-17 13:48:02 INFO  Log:10 - testValidLogin ended.
2026-05-17 13:48:07 INFO  Log:10 - testInValidLogin started.
2026-05-17 13:48:07 INFO  Log:10 - testValidLogin started.
2026-05-17 13:48:09 INFO  Log:10 - Invalid credentials message is displayed.
2026-05-17 13:48:09 INFO  Log:10 - testInValidLogin ended.
2026-05-17 13:48:09 INFO  Log:10 - Login successful, dashboard is displayed.
2026-05-17 13:48:09 INFO  Log:10 - testValidLogin ended.
2026-05-17 13:50:02 INFO  Log:10 - testValidLogin started.
2026-05-17 13:50:03 INFO  Log:10 - testInValidLogin started.
2026-05-17 13:50:05 INFO  Log:10 - Login successful, dashboard is displayed.
2026-05-17 13:50:05 INFO  Log:10 - testValidLogin ended.
2026-05-17 13:50:06 INFO  Log:10 - Invalid credentials message is displayed.
2026-05-17 13:50:06 INFO  Log:10 - testInValidLogin ended.
2026-05-17 13:50:10 INFO  Log:10 - testValidLogin started.
2026-05-17 13:50:11 INFO  Log:10 - testInValidLogin started.
2026-05-17 13:50:12 INFO  Log:10 - Login successful, dashboard is displayed.
2026-05-17 13:50:12 INFO  Log:10 - testValidLogin ended.
2026-05-17 13:50:14 INFO  Log:10 - Invalid credentials message is displayed.
2026-05-17 13:50:14 INFO  Log:10 - testInValidLogin ended.
2026-05-17 14:01:16 INFO  Log:10 - testValidLogin started.
2026-05-17 14:01:17 INFO  Log:10 - testInValidLogin started.
2026-05-17 14:01:19 INFO  Log:10 - Invalid credentials message is displayed.
2026-05-17 14:01:19 INFO  Log:10 - testInValidLogin ended..
2026-05-17 14:01:19 INFO  Log:10 - Login successful, dashboard is displayed.
2026-05-17 14:01:19 INFO  Log:10 - testValidLogin ended..
2026-05-17 14:01:24 INFO  Log:10 - testInValidLogin started.
2026-05-17 14:01:24 INFO  Log:10 - testValidLogin started.
2026-05-17 14:01:26 INFO  Log:10 - Invalid credentials message is displayed.
2026-05-17 14:01:26 INFO  Log:10 - testInValidLogin ended..
2026-05-17 14:01:27 INFO  Log:10 - Login successful, dashboard is displayed.
2026-05-17 14:01:27 INFO  Log:10 - testValidLogin ended..
2026-05-17 14:01:32 INFO  Log:10 - testInValidLogin started.
2026-05-17 14:01:32 INFO  Log:10 - testValidLogin started.
2026-05-17 14:01:34 INFO  Log:10 - Invalid credentials message is displayed.
2026-05-17 14:01:34 INFO  Log:10 - testInValidLogin ended..
2026-05-17 14:01:35 INFO  Log:10 - Login successful, dashboard is displayed.
2026-05-17 14:01:35 INFO  Log:10 - testValidLogin ended..
2026-05-17 14:01:43 INFO  Log:10 - testInValidLogin started.
2026-05-17 14:01:44 INFO  Log:10 - testValidLogin started.
2026-05-17 14:01:45 INFO  Log:10 - Invalid credentials message is displayed.
2026-05-17 14:01:45 INFO  Log:10 - testInValidLogin ended..
2026-05-17 14:01:46 INFO  Log:10 - Login successful, dashboard is displayed.
2026-05-17 14:01:46 INFO  Log:10 - testValidLogin ended..
2026-05-17 14:01:51 INFO  Log:10 - testInValidLogin started.
2026-05-17 14:01:52 INFO  Log:10 - testValidLogin started.
2026-05-17 14:01:53 INFO  Log:10 - Invalid credentials message is displayed.
2026-05-17 14:01:53 INFO  Log:10 - testInValidLogin ended..
2026-05-17 14:01:55 INFO  Log:10 - Login successful, dashboard is displayed.
2026-05-17 14:01:55 INFO  Log:10 - testValidLogin ended..
2026-05-17 14:01:58 INFO  Log:10 - testInValidLogin started.
2026-05-17 14:02:00 INFO  Log:10 - Invalid credentials message is displayed.
2026-05-17 14:02:00 INFO  Log:10 - testInValidLogin ended..
2026-05-17 14:02:01 INFO  Log:10 - testValidLogin started.
2026-05-17 14:02:03 INFO  Log:10 - Login successful, dashboard is displayed.
2026-05-17 14:02:03 INFO  Log:10 - testValidLogin ended..
2026-05-17 14:02:14 INFO  Log:10 - testInValidLogin started.
2026-05-17 14:02:15 INFO  Log:10 - testValidLogin started.
2026-05-17 14:02:16 INFO  Log:10 - Invalid credentials message is displayed.
2026-05-17 14:02:16 INFO  Log:10 - testInValidLogin ended..
2026-05-17 14:02:17 INFO  Log:10 - Login successful, dashboard is displayed.
2026-05-17 14:02:17 INFO  Log:10 - testValidLogin ended..
2026-05-17 14:02:22 INFO  Log:10 - testInValidLogin started.
2026-05-17 14:02:23 INFO  Log:10 - testValidLogin started.
2026-05-17 14:02:24 INFO  Log:10 - Invalid credentials message is displayed.
2026-05-17 14:02:24 INFO  Log:10 - testInValidLogin ended..
2026-05-17 14:02:25 INFO  Log:10 - Login successful, dashboard is displayed.
2026-05-17 14:02:25 INFO  Log:10 - testValidLogin ended..
2026-05-17 14:02:31 INFO  Log:10 - testInValidLogin started.
2026-05-17 14:02:31 INFO  Log:10 - testValidLogin started.
2026-05-17 14:02:33 INFO  Log:10 - Invalid credentials message is displayed.
2026-05-17 14:02:33 INFO  Log:10 - testInValidLogin ended..
2026-05-17 14:02:33 INFO  Log:10 - Login successful, dashboard is displayed.
2026-05-17 14:02:33 INFO  Log:10 - testValidLogin ended..
2026-05-17 14:05:09 INFO  Log:10 - testValidLogin started.
2026-05-17 14:05:11 INFO  Log:10 - testInValidLogin started.
2026-05-17 14:05:12 INFO  Log:10 - Login successful, dashboard is displayed.
2026-05-17 14:05:12 INFO  Log:10 - testValidLogin ended..
2026-05-17 14:05:13 INFO  Log:10 - Invalid credentials message is displayed.
2026-05-17 14:05:13 INFO  Log:10 - testInValidLogin ended..
2026-05-17 14:05:18 INFO  Log:10 - testValidLogin started.
2026-05-17 14:05:19 INFO  Log:10 - testInValidLogin started.
2026-05-17 14:05:20 INFO  Log:10 - Login successful, dashboard is displayed.
2026-05-17 14:05:20 INFO  Log:10 - testValidLogin ended..
2026-05-17 14:05:21 INFO  Log:10 - Invalid credentials message is displayed.
2026-05-17 14:05:21 INFO  Log:10 - testInValidLogin ended..
2026-05-17 14:05:26 INFO  Log:10 - testValidLogin started.
2026-05-17 14:05:26 INFO  Log:10 - testInValidLogin started.
2026-05-17 14:05:28 INFO  Log:10 - Login successful, dashboard is displayed.
2026-05-17 14:05:28 INFO  Log:10 - testValidLogin ended..
2026-05-17 14:05:28 INFO  Log:10 - Invalid credentials message is displayed.
2026-05-17 14:05:28 INFO  Log:10 - testInValidLogin ended..
2026-05-17 14:30:48 INFO  Log:10 - testValidLogin started.
2026-05-17 14:30:48 INFO  Log:10 - testInValidLogin started.
2026-05-17 14:30:51 INFO  Log:10 - Login successful, dashboard is displayed.
2026-05-17 14:30:51 INFO  Log:10 - testValidLogin ended..
2026-05-17 14:30:52 INFO  Log:10 - Invalid credentials message is displayed.
2026-05-17 14:30:52 INFO  Log:10 - testInValidLogin ended..
2026-05-17 14:30:57 INFO  Log:10 - testValidLogin started.
2026-05-17 14:30:58 INFO  Log:10 - testInValidLogin started.
2026-05-17 14:30:59 INFO  Log:10 - Login successful, dashboard is displayed.
2026-05-17 14:30:59 INFO  Log:10 - testValidLogin ended..
2026-05-17 14:31:01 INFO  Log:10 - Invalid credentials message is displayed.
2026-05-17 14:31:01 INFO  Log:10 - testInValidLogin ended..
2026-05-17 14:31:04 INFO  Log:10 - testValidLogin started.
2026-05-17 14:31:06 INFO  Log:10 - testInValidLogin started.
2026-05-17 14:31:07 INFO  Log:10 - Login successful, dashboard is displayed.
2026-05-17 14:31:07 INFO  Log:10 - testValidLogin ended..
2026-05-17 14:31:08 INFO  Log:10 - Invalid credentials message is displayed.
2026-05-17 14:31:08 INFO  Log:10 - testInValidLogin ended..
2026-05-17 14:31:41 INFO  Log:10 - testValidLogin started.
2026-05-17 14:31:41 INFO  Log:10 - testInValidLogin started.
2026-05-17 14:31:43 INFO  Log:10 - Login successful, dashboard is displayed.
2026-05-17 14:31:43 INFO  Log:10 - testValidLogin ended..
2026-05-17 14:31:43 INFO  Log:10 - Invalid credentials message is displayed.
2026-05-17 14:31:43 INFO  Log:10 - testInValidLogin ended..
2026-05-17 14:31:49 INFO  Log:10 - testInValidLogin started.
2026-05-17 14:31:49 INFO  Log:10 - testValidLogin started.
2026-05-17 14:31:51 INFO  Log:10 - Invalid credentials message is displayed.
2026-05-17 14:31:51 INFO  Log:10 - testInValidLogin ended..
2026-05-17 14:31:52 INFO  Log:10 - Login successful, dashboard is displayed.
2026-05-17 14:31:52 INFO  Log:10 - testValidLogin ended..
2026-05-17 14:32:01 INFO  Log:10 - testInValidLogin started.
2026-05-17 14:32:01 INFO  Log:10 - testValidLogin started.
2026-05-17 14:32:04 INFO  Log:10 - Invalid credentials message is displayed.
2026-05-17 14:32:04 INFO  Log:10 - testInValidLogin ended..
2026-05-17 14:32:05 INFO  Log:10 - Login successful, dashboard is displayed.
2026-05-17 14:32:05 INFO  Log:10 - testValidLogin ended..
2026-05-17 14:35:10 INFO  Log:10 - testValidLogin started.
2026-05-17 14:35:11 INFO  Log:10 - testInValidLogin started.
2026-05-17 14:35:12 INFO  Log:10 - Login successful, dashboard is displayed.
2026-05-17 14:35:12 INFO  Log:10 - testValidLogin ended..
2026-05-17 14:35:13 INFO  Log:10 - Invalid credentials message is displayed.
2026-05-17 14:35:13 INFO  Log:10 - testInValidLogin ended..
2026-05-17 14:35:18 INFO  Log:10 - testValidLogin started.
2026-05-17 14:35:19 INFO  Log:10 - testInValidLogin started.
2026-05-17 14:35:20 INFO  Log:10 - Login successful, dashboard is displayed.
2026-05-17 14:35:20 INFO  Log:10 - testValidLogin ended..
2026-05-17 14:35:21 INFO  Log:10 - Invalid credentials message is displayed.
2026-05-17 14:35:21 INFO  Log:10 - testInValidLogin ended..
2026-05-17 14:35:26 INFO  Log:10 - testValidLogin started.
2026-05-17 14:35:27 INFO  Log:10 - testInValidLogin started.
2026-05-17 14:35:29 INFO  Log:10 - Login successful, dashboard is displayed.
2026-05-17 14:35:29 INFO  Log:10 - testValidLogin ended..
2026-05-17 14:35:29 INFO  Log:10 - Invalid credentials message is displayed.
2026-05-17 14:35:29 INFO  Log:10 - testInValidLogin ended..
2026-05-17 14:42:11 INFO  Log:10 - testInValidLogin started.
2026-05-17 14:42:11 INFO  Log:10 - testValidLogin started.
2026-05-17 14:42:12 INFO  Log:10 - testAddEmployee started.
2026-05-17 14:42:13 INFO  Log:10 - Invalid credentials message is displayed.
2026-05-17 14:42:13 INFO  Log:10 - testInValidLogin ended..
2026-05-17 14:42:14 INFO  Log:10 - Login successful, dashboard is displayed.
2026-05-17 14:42:14 INFO  Log:10 - testValidLogin ended..
2026-05-17 14:42:17 INFO  Log:10 - testAddEmployee ended.
2026-05-17 14:42:18 INFO  Log:10 - testInValidLogin started.
2026-05-17 14:42:19 INFO  Log:10 - testValidLogin started.
2026-05-17 14:42:20 INFO  Log:10 - Invalid credentials message is displayed.
2026-05-17 14:42:20 INFO  Log:10 - testInValidLogin ended..
2026-05-17 14:42:21 INFO  Log:10 - Login successful, dashboard is displayed.
2026-05-17 14:42:21 INFO  Log:10 - testValidLogin ended..
2026-05-17 14:42:23 INFO  Log:10 - testAddEmployee started.
2026-05-17 14:42:26 INFO  Log:10 - testInValidLogin started.
2026-05-17 14:42:28 INFO  Log:10 - testAddEmployee ended.
2026-05-17 14:42:28 INFO  Log:10 - testValidLogin started.
2026-05-17 14:42:28 INFO  Log:10 - Invalid credentials message is displayed.
2026-05-17 14:42:28 INFO  Log:10 - testInValidLogin ended..
2026-05-17 14:42:30 INFO  Log:10 - Login successful, dashboard is displayed.
2026-05-17 14:42:30 INFO  Log:10 - testValidLogin ended..
2026-05-17 14:42:33 INFO  Log:10 - testAddEmployee started.
2026-05-17 14:42:38 INFO  Log:10 - testAddEmployee ended.
2026-05-17 17:25:40 INFO  Log:10 - testAddEmployee started.
2026-05-17 17:25:41 INFO  Log:10 - testInValidLogin started.
2026-05-17 17:25:42 INFO  Log:10 - testValidLogin started.
2026-05-17 17:25:44 INFO  Log:10 - Invalid credentials message is displayed.
2026-05-17 17:25:44 INFO  Log:10 - testInValidLogin ended..
2026-05-17 17:25:45 INFO  Log:10 - Login successful, dashboard is displayed.
2026-05-17 17:25:45 INFO  Log:10 - testValidLogin ended..
2026-05-17 17:25:46 INFO  Log:10 - testAddEmployee ended.
2026-05-17 17:26:00 INFO  Log:10 - testValidLogin started.
2026-05-17 17:26:01 INFO  Log:10 - testAddEmployee started.
2026-05-17 17:26:02 INFO  Log:10 - testInValidLogin started.
2026-05-17 17:26:03 INFO  Log:10 - Login successful, dashboard is displayed.
2026-05-17 17:26:03 INFO  Log:10 - testValidLogin ended..
2026-05-17 17:26:05 INFO  Log:10 - Invalid credentials message is displayed.
2026-05-17 17:26:05 INFO  Log:10 - testInValidLogin ended..
2026-05-17 17:26:06 INFO  Log:10 - testAddEmployee ended.
2026-05-17 17:53:58 INFO  Log:10 - testAddEmployee started.
2026-05-17 17:54:18 INFO  Log:10 - testAddEmployee started.
2026-05-17 17:56:56 INFO  Log:10 - testInValidLogin started.
2026-05-17 17:56:56 INFO  Log:10 - testAddEmployee started.
2026-05-17 17:56:56 INFO  Log:10 - testValidLogin started.
2026-05-17 17:56:59 INFO  Log:10 - Invalid credentials message is displayed.
2026-05-17 17:56:59 INFO  Log:10 - testInValidLogin ended..
2026-05-17 17:56:59 INFO  Log:10 - Login successful, dashboard is displayed.
2026-05-17 17:56:59 INFO  Log:10 - testValidLogin ended..
2026-05-17 17:57:01 INFO  Log:10 - testInValidLogin started.
2026-05-17 17:57:03 INFO  Log:10 - testValidLogin started.
2026-05-17 17:57:05 INFO  Log:10 - Invalid credentials message is displayed.
2026-05-17 17:57:05 INFO  Log:10 - testInValidLogin ended..
2026-05-17 17:57:06 INFO  Log:10 - Login successful, dashboard is displayed.
2026-05-17 17:57:06 INFO  Log:10 - testValidLogin ended..
2026-05-17 17:57:18 INFO  Log:10 - testAddEmployee started.
2026-05-17 17:58:48 INFO  Log:10 - testInValidLogin started.
2026-05-17 17:58:50 INFO  Log:10 - testAddEmployee started.
2026-05-17 17:58:50 INFO  Log:10 - testValidLogin started.
2026-05-17 17:59:06 INFO  Log:10 - testAddEmployee started.
2026-05-17 17:59:29 INFO  Log:10 - testAddEmployee started.
2026-05-17 18:01:58 INFO  Log:10 - testAddEmployee started.
2026-05-17 18:04:07 INFO  Log:10 - testInValidLogin started.
2026-05-17 18:04:07 INFO  Log:10 - testAddEmployee started.
2026-05-17 18:04:07 INFO  Log:10 - testValidLogin started.
2026-05-17 18:04:09 INFO  Log:10 - Invalid credentials message is displayed.
2026-05-17 18:04:09 INFO  Log:10 - testInValidLogin ended..
2026-05-17 18:04:10 INFO  Log:10 - Login successful, dashboard is displayed.
2026-05-17 18:04:10 INFO  Log:10 - testValidLogin ended..
2026-05-17 18:04:13 INFO  Log:10 - testInValidLogin started.
2026-05-17 18:04:15 INFO  Log:10 - Invalid credentials message is displayed.
2026-05-17 18:04:15 INFO  Log:10 - testInValidLogin ended..
2026-05-17 18:05:17 INFO  Log:10 - testAddEmployee started.
2026-05-17 18:05:38 INFO  Log:10 - Employee Name Header is displayed.
2026-05-17 18:05:38 INFO  Log:10 - testAddEmployee ended.
2026-05-17 18:18:23 INFO  Log:10 - testAddEmployee started.
2026-05-17 18:18:35 INFO  Log:10 - Employee Name Header is displayed.
2026-05-17 18:18:35 INFO  Log:10 - testAddEmployee ended.
